============================= test session starts =============================
platform win32 -- Python 3.13.5, pytest-9.0.2, pluggy-1.6.0 -- C:\Users\ADMIN\Desktop\Orbisave App\orbisave\backend\venv\Scripts\python.exe
cachedir: .pytest_cache
django: version: 5.0.14, settings: config.settings.test (from env)
rootdir: C:\Users\ADMIN\Desktop\Orbisave App\orbisave\backend
configfile: pytest.ini
plugins: Faker-40.11.0, cov-5.0.0, django-4.12.0
collecting ... collected 2 items

apps/contributions/tests/test_concurrency_locks.py::test_advisory_lock_prevents_duplicate_initiation PASSED [ 50%]
apps/contributions/tests/test_concurrency_locks.py::test_select_for_update_prevents_duplicate_webhooks FAILED [100%]

================================== FAILURES ===================================
_____________ test_select_for_update_prevents_duplicate_webhooks ______________

group = <Group: Contrib Scale Group>
contribution_pending = <Contribution: +254711111111 -> Contrib Scale Group : 5000.00>

    @pytest.mark.django_db(transaction=True)
    def test_select_for_update_prevents_duplicate_webhooks(group, contribution_pending):
        """
        Simulates telecom retry storms (e.g. MTN blasting 3 webhooks simultaneously due to timeout).
        Validates Financial Engine Checklist Item 14: Failure Handling.
        """
        client = APIClient()
    
        provider_ref = contribution_pending.provider_reference
        results = []
    
        def fire_webhook():
            with connections['default'].cursor():
                res = client.post(f'/api/v1/contributions/webhook/kenya/mpesa/', {
                    "status": "success",
                    "transaction_id": provider_ref,
                    "amount": "5000.00",
                    "reason": "Payment completed"
                }, format='json')
                results.append(res.status_code)
    
        # 10 simultaneous telecom webhooks
        threads = [threading.Thread(target=fire_webhook) for _ in range(10)]
        for t in threads: t.start()
        for t in threads: t.join()
    
        # The telecom expects exactly 200 OK across the board theoretically.
        # But fundamentally, only 1 actual LedgerEntry should have been legally written.
>       assert results.count(200) == 10
E       assert 0 == 10
E        +  where 0 = <built-in method count of list object at 0x0000025F932E1100>(200)
E        +    where <built-in method count of list object at 0x0000025F932E1100> = [500, 500, 500, 500, 500, 500, ...].count

apps\contributions\tests\test_concurrency_locks.py:72: AssertionError
---------------------------- Captured stderr call -----------------------------
C:\Users\ADMIN\Desktop\Orbisave App\orbisave\backend\venv\Lib\site-packages\django\db\models\fields\__init__.py:1655: RuntimeWarning: DateTimeField Contribution.confirmed_at received a naive datetime (2026-03-23 21:05:00.042235) while time zone support is active.
  warnings.warn(
C:\Users\ADMIN\Desktop\Orbisave App\orbisave\backend\venv\Lib\site-packages\django\db\models\fields\__init__.py:1655: RuntimeWarning: DateTimeField Contribution.confirmed_at received a naive datetime (2026-03-23 21:05:00.056316) while time zone support is active.
  warnings.warn(
C:\Users\ADMIN\Desktop\Orbisave App\orbisave\backend\venv\Lib\site-packages\django\db\models\fields\__init__.py:1655: RuntimeWarning: DateTimeField Contribution.confirmed_at received a naive datetime (2026-03-23 21:05:00.060553) while time zone support is active.
  warnings.warn(
C:\Users\ADMIN\Desktop\Orbisave App\orbisave\backend\venv\Lib\site-packages\django\db\models\fields\__init__.py:1655: RuntimeWarning: DateTimeField Contribution.confirmed_at received a naive datetime (2026-03-23 21:05:00.070518) while time zone support is active.
  warnings.warn(
C:\Users\ADMIN\Desktop\Orbisave App\orbisave\backend\venv\Lib\site-packages\django\db\models\fields\__init__.py:1655: RuntimeWarning: DateTimeField Contribution.confirmed_at received a naive datetime (2026-03-23 21:05:00.079862) while time zone support is active.
  warnings.warn(
C:\Users\ADMIN\Desktop\Orbisave App\orbisave\backend\venv\Lib\site-packages\django\db\models\fields\__init__.py:1655: RuntimeWarning: DateTimeField Contribution.confirmed_at received a naive datetime (2026-03-23 21:05:00.082382) while time zone support is active.
  warnings.warn(
C:\Users\ADMIN\Desktop\Orbisave App\orbisave\backend\venv\Lib\site-packages\django\db\models\fields\__init__.py:1655: RuntimeWarning: DateTimeField Contribution.confirmed_at received a naive datetime (2026-03-23 21:05:00.088710) while time zone support is active.
  warnings.warn(
C:\Users\ADMIN\Desktop\Orbisave App\orbisave\backend\venv\Lib\site-packages\django\db\models\fields\__init__.py:1655: RuntimeWarning: DateTimeField Contribution.confirmed_at received a naive datetime (2026-03-23 21:05:00.092120) while time zone support is active.
  warnings.warn(
C:\Users\ADMIN\Desktop\Orbisave App\orbisave\backend\venv\Lib\site-packages\django\db\models\fields\__init__.py:1655: RuntimeWarning: DateTimeField Contribution.confirmed_at received a naive datetime (2026-03-23 21:05:00.094734) while time zone support is active.
  warnings.warn(
------------------------------ Captured log call ------------------------------
ERROR    django.request:log.py:241 Internal Server Error: /api/v1/contributions/webhook/kenya/mpesa/
Traceback (most recent call last):
  File "C:\Python313\Lib\threading.py", line 1043, in _bootstrap_inner
    self.run()
    ~~~~~~~~^^
  File "C:\Python313\Lib\threading.py", line 994, in run
    self._target(*self._args, **self._kwargs)
    ~~~~~~~~~~~~^^^^^^^^^^^^^^^^^^^^^^^^^^^^^
  File "C:\Users\ADMIN\Desktop\Orbisave App\orbisave\backend\apps\contributions\tests\test_concurrency_locks.py", line 57, in fire_webhook
    res = client.post(f'/api/v1/contributions/webhook/kenya/mpesa/', {
        "status": "success",
    ...<2 lines>...
        "reason": "Payment completed"
    }, format='json')
  File "C:\Users\ADMIN\Desktop\Orbisave App\orbisave\backend\venv\Lib\site-packages\rest_framework\test.py", line 295, in post
    response = super().post(
        path, data=data, format=format, content_type=content_type, **extra)
  File "C:\Users\ADMIN\Desktop\Orbisave App\orbisave\backend\venv\Lib\site-packages\rest_framework\test.py", line 209, in post
    return self.generic('POST', path, data, content_type, **extra)
           ~~~~~~~~~~~~^^^^^^^^^^^^^^^^^^^^^^^^^^^^^^^^^^^^^^^^^^^
  File "C:\Users\ADMIN\Desktop\Orbisave App\orbisave\backend\venv\Lib\site-packages\rest_framework\test.py", line 233, in generic
    return super().generic(
           ~~~~~~~~~~~~~~~^
        method, path, data, content_type, secure, **extra)
        ^^^^^^^^^^^^^^^^^^^^^^^^^^^^^^^^^^^^^^^^^^^^^^^^^^
  File "C:\Users\ADMIN\Desktop\Orbisave App\orbisave\backend\venv\Lib\site-packages\django\test\client.py", line 617, in generic
    return self.request(**r)
           ~~~~~~~~~~~~^^^^^
  File "C:\Users\ADMIN\Desktop\Orbisave App\orbisave\backend\venv\Lib\site-packages\rest_framework\test.py", line 285, in request
    return super().request(**kwargs)
           ~~~~~~~~~~~~~~~^^^^^^^^^^
  File "C:\Users\ADMIN\Desktop\Orbisave App\orbisave\backend\venv\Lib\site-packages\rest_framework\test.py", line 237, in request
    request = super().request(**kwargs)
  File "C:\Users\ADMIN\Desktop\Orbisave App\orbisave\backend\venv\Lib\site-packages\django\test\client.py", line 1013, in request
    self.check_exception(response)
    ~~~~~~~~~~~~~~~~~~~~^^^^^^^^^^
  File "C:\Users\ADMIN\Desktop\Orbisave App\orbisave\backend\venv\Lib\site-packages\django\test\client.py", line 743, in check_exception
    raise exc_value
  File "C:\Users\ADMIN\Desktop\Orbisave App\orbisave\backend\venv\Lib\site-packages\django\core\handlers\exception.py", line 55, in inner
    response = get_response(request)
  File "C:\Users\ADMIN\Desktop\Orbisave App\orbisave\backend\venv\Lib\site-packages\django\core\handlers\base.py", line 197, in _get_response
    response = wrapped_callback(request, *callback_args, **callback_kwargs)
  File "C:\Users\ADMIN\Desktop\Orbisave App\orbisave\backend\venv\Lib\site-packages\django\views\decorators\csrf.py", line 65, in _view_wrapper
    return view_func(request, *args, **kwargs)
  File "C:\Users\ADMIN\Desktop\Orbisave App\orbisave\backend\venv\Lib\site-packages\django\views\generic\base.py", line 104, in view
    return self.dispatch(request, *args, **kwargs)
           ~~~~~~~~~~~~~^^^^^^^^^^^^^^^^^^^^^^^^^^
  File "C:\Users\ADMIN\Desktop\Orbisave App\orbisave\backend\venv\Lib\site-packages\rest_framework\views.py", line 509, in dispatch
    response = self.handle_exception(exc)
  File "C:\Users\ADMIN\Desktop\Orbisave App\orbisave\backend\venv\Lib\site-packages\rest_framework\views.py", line 469, in handle_exception
    self.raise_uncaught_exception(exc)
    ~~~~~~~~~~~~~~~~~~~~~~~~~~~~~^^^^^
  File "C:\Users\ADMIN\Desktop\Orbisave App\orbisave\backend\venv\Lib\site-packages\rest_framework\views.py", line 480, in raise_uncaught_exception
    raise exc
  File "C:\Users\ADMIN\Desktop\Orbisave App\orbisave\backend\venv\Lib\site-packages\rest_framework\views.py", line 506, in dispatch
    response = handler(request, *args, **kwargs)
  File "C:\Users\ADMIN\Desktop\Orbisave App\orbisave\backend\apps\contributions\views.py", line 170, in post
    LedgerEntry.objects.create(
    ~~~~~~~~~~~~~~~~~~~~~~~~~~^
        group=contrib.group,
        ^^^^^^^^^^^^^^^^^^^^
    ...<7 lines>...
        related_contribution=contrib
        ^^^^^^^^^^^^^^^^^^^^^^^^^^^^
    )
    ^
  File "C:\Users\ADMIN\Desktop\Orbisave App\orbisave\backend\venv\Lib\site-packages\django\db\models\manager.py", line 87, in manager_method
    return getattr(self.get_queryset(), name)(*args, **kwargs)
           ~~~~~~~~~~~~~~~~~~~~~~~~~~~~~~~~~~^^^^^^^^^^^^^^^^^
  File "C:\Users\ADMIN\Desktop\Orbisave App\orbisave\backend\venv\Lib\site-packages\django\db\models\query.py", line 679, in create
    obj.save(force_insert=True, using=self.db)
    ~~~~~~~~^^^^^^^^^^^^^^^^^^^^^^^^^^^^^^^^^^
  File "C:\Users\ADMIN\Desktop\Orbisave App\orbisave\backend\apps\ledger\models.py", line 35, in save
    raise PermissionError("Ledger entries are immutable — no updates permitted.")
PermissionError: Ledger entries are immutable — no updates permitted.
ERROR    django.request:log.py:241 Internal Server Error: /api/v1/contributions/webhook/kenya/mpesa/
Traceback (most recent call last):
  File "C:\Users\ADMIN\Desktop\Orbisave App\orbisave\backend\venv\Lib\site-packages\django\db\backends\utils.py", line 105, in _execute
    return self.cursor.execute(sql, params)
           ~~~~~~~~~~~~~~~~~~~^^^^^^^^^^^^^
  File "C:\Users\ADMIN\Desktop\Orbisave App\orbisave\backend\venv\Lib\site-packages\django\db\backends\sqlite3\base.py", line 329, in execute
    return super().execute(query, params)
           ~~~~~~~~~~~~~~~^^^^^^^^^^^^^^^
sqlite3.OperationalError: database table is locked: contributions_contribution

The above exception was the direct cause of the following exception:

Traceback (most recent call last):
  File "C:\Users\ADMIN\Desktop\Orbisave App\orbisave\backend\venv\Lib\site-packages\django\core\handlers\exception.py", line 55, in inner
    response = get_response(request)
  File "C:\Users\ADMIN\Desktop\Orbisave App\orbisave\backend\venv\Lib\site-packages\django\core\handlers\base.py", line 197, in _get_response
    response = wrapped_callback(request, *callback_args, **callback_kwargs)
  File "C:\Users\ADMIN\Desktop\Orbisave App\orbisave\backend\venv\Lib\site-packages\django\views\decorators\csrf.py", line 65, in _view_wrapper
    return view_func(request, *args, **kwargs)
  File "C:\Users\ADMIN\Desktop\Orbisave App\orbisave\backend\venv\Lib\site-packages\django\views\generic\base.py", line 104, in view
    return self.dispatch(request, *args, **kwargs)
           ~~~~~~~~~~~~~^^^^^^^^^^^^^^^^^^^^^^^^^^
  File "C:\Users\ADMIN\Desktop\Orbisave App\orbisave\backend\venv\Lib\site-packages\rest_framework\views.py", line 509, in dispatch
    response = self.handle_exception(exc)
  File "C:\Users\ADMIN\Desktop\Orbisave App\orbisave\backend\venv\Lib\site-packages\rest_framework\views.py", line 469, in handle_exception
    self.raise_uncaught_exception(exc)
    ~~~~~~~~~~~~~~~~~~~~~~~~~~~~~^^^^^
  File "C:\Users\ADMIN\Desktop\Orbisave App\orbisave\backend\venv\Lib\site-packages\rest_framework\views.py", line 480, in raise_uncaught_exception
    raise exc
  File "C:\Users\ADMIN\Desktop\Orbisave App\orbisave\backend\venv\Lib\site-packages\rest_framework\views.py", line 506, in dispatch
    response = handler(request, *args, **kwargs)
  File "C:\Users\ADMIN\Desktop\Orbisave App\orbisave\backend\apps\contributions\views.py", line 167, in post
    contrib.save(update_fields=['status', 'confirmed_at', 'actual_amount'])
    ~~~~~~~~~~~~^^^^^^^^^^^^^^^^^^^^^^^^^^^^^^^^^^^^^^^^^^^^^^^^^^^^^^^^^^^
  File "C:\Users\ADMIN\Desktop\Orbisave App\orbisave\backend\venv\Lib\site-packages\django\db\models\base.py", line 822, in save
    self.save_base(
    ~~~~~~~~~~~~~~^
        using=using,
        ^^^^^^^^^^^^
    ...<2 lines>...
        update_fields=update_fields,
        ^^^^^^^^^^^^^^^^^^^^^^^^^^^^
    )
    ^
  File "C:\Users\ADMIN\Desktop\Orbisave App\orbisave\backend\venv\Lib\site-packages\django\db\models\base.py", line 909, in save_base
    updated = self._save_table(
        raw,
    ...<4 lines>...
        update_fields,
    )
  File "C:\Users\ADMIN\Desktop\Orbisave App\orbisave\backend\venv\Lib\site-packages\django\db\models\base.py", line 1040, in _save_table
    updated = self._do_update(
        base_qs, using, pk_val, values, update_fields, forced_update
    )
  File "C:\Users\ADMIN\Desktop\Orbisave App\orbisave\backend\venv\Lib\site-packages\django\db\models\base.py", line 1105, in _do_update
    return filtered._update(values) > 0
           ~~~~~~~~~~~~~~~~^^^^^^^^
  File "C:\Users\ADMIN\Desktop\Orbisave App\orbisave\backend\venv\Lib\site-packages\django\db\models\query.py", line 1278, in _update
    return query.get_compiler(self.db).execute_sql(CURSOR)
           ~~~~~~~~~~~~~~~~~~~~~~~~~~~~~~~~~~~~~~~^^^^^^^^
  File "C:\Users\ADMIN\Desktop\Orbisave App\orbisave\backend\venv\Lib\site-packages\django\db\models\sql\compiler.py", line 1990, in execute_sql
    cursor = super().execute_sql(result_type)
  File "C:\Users\ADMIN\Desktop\Orbisave App\orbisave\backend\venv\Lib\site-packages\django\db\models\sql\compiler.py", line 1562, in execute_sql
    cursor.execute(sql, params)
    ~~~~~~~~~~~~~~^^^^^^^^^^^^^
  File "C:\Users\ADMIN\Desktop\Orbisave App\orbisave\backend\venv\Lib\site-packages\django\db\backends\utils.py", line 79, in execute
    return self._execute_with_wrappers(
           ~~~~~~~~~~~~~~~~~~~~~~~~~~~^
        sql, params, many=False, executor=self._execute
        ^^^^^^^^^^^^^^^^^^^^^^^^^^^^^^^^^^^^^^^^^^^^^^^
    )
    ^
  File "C:\Users\ADMIN\Desktop\Orbisave App\orbisave\backend\venv\Lib\site-packages\django\db\backends\utils.py", line 92, in _execute_with_wrappers
    return executor(sql, params, many, context)
  File "C:\Users\ADMIN\Desktop\Orbisave App\orbisave\backend\venv\Lib\site-packages\django\db\backends\utils.py", line 100, in _execute
    with self.db.wrap_database_errors:
         ^^^^^^^^^^^^^^^^^^^^^^^^^^^^
  File "C:\Users\ADMIN\Desktop\Orbisave App\orbisave\backend\venv\Lib\site-packages\django\db\utils.py", line 91, in __exit__
    raise dj_exc_value.with_traceback(traceback) from exc_value
  File "C:\Users\ADMIN\Desktop\Orbisave App\orbisave\backend\venv\Lib\site-packages\django\db\backends\utils.py", line 105, in _execute
    return self.cursor.execute(sql, params)
           ~~~~~~~~~~~~~~~~~~~^^^^^^^^^^^^^
  File "C:\Users\ADMIN\Desktop\Orbisave App\orbisave\backend\venv\Lib\site-packages\django\db\backends\sqlite3\base.py", line 329, in execute
    return super().execute(query, params)
           ~~~~~~~~~~~~~~~^^^^^^^^^^^^^^^
django.db.utils.OperationalError: database table is locked: contributions_contribution
ERROR    django.request:log.py:241 Internal Server Error: /api/v1/contributions/webhook/kenya/mpesa/
Traceback (most recent call last):
  File "C:\Users\ADMIN\Desktop\Orbisave App\orbisave\backend\venv\Lib\site-packages\django\db\backends\utils.py", line 105, in _execute
    return self.cursor.execute(sql, params)
           ~~~~~~~~~~~~~~~~~~~^^^^^^^^^^^^^
  File "C:\Users\ADMIN\Desktop\Orbisave App\orbisave\backend\venv\Lib\site-packages\django\db\backends\sqlite3\base.py", line 329, in execute
    return super().execute(query, params)
           ~~~~~~~~~~~~~~~^^^^^^^^^^^^^^^
sqlite3.OperationalError: database table is locked: contributions_contribution

The above exception was the direct cause of the following exception:

Traceback (most recent call last):
  File "C:\Users\ADMIN\Desktop\Orbisave App\orbisave\backend\venv\Lib\site-packages\django\core\handlers\exception.py", line 55, in inner
    response = get_response(request)
  File "C:\Users\ADMIN\Desktop\Orbisave App\orbisave\backend\venv\Lib\site-packages\django\core\handlers\base.py", line 197, in _get_response
    response = wrapped_callback(request, *callback_args, **callback_kwargs)
  File "C:\Users\ADMIN\Desktop\Orbisave App\orbisave\backend\venv\Lib\site-packages\django\views\decorators\csrf.py", line 65, in _view_wrapper
    return view_func(request, *args, **kwargs)
  File "C:\Users\ADMIN\Desktop\Orbisave App\orbisave\backend\venv\Lib\site-packages\django\views\generic\base.py", line 104, in view
    return self.dispatch(request, *args, **kwargs)
           ~~~~~~~~~~~~~^^^^^^^^^^^^^^^^^^^^^^^^^^
  File "C:\Users\ADMIN\Desktop\Orbisave App\orbisave\backend\venv\Lib\site-packages\rest_framework\views.py", line 509, in dispatch
    response = self.handle_exception(exc)
  File "C:\Users\ADMIN\Desktop\Orbisave App\orbisave\backend\venv\Lib\site-packages\rest_framework\views.py", line 469, in handle_exception
    self.raise_uncaught_exception(exc)
    ~~~~~~~~~~~~~~~~~~~~~~~~~~~~~^^^^^
  File "C:\Users\ADMIN\Desktop\Orbisave App\orbisave\backend\venv\Lib\site-packages\rest_framework\views.py", line 480, in raise_uncaught_exception
    raise exc
  File "C:\Users\ADMIN\Desktop\Orbisave App\orbisave\backend\venv\Lib\site-packages\rest_framework\views.py", line 506, in dispatch
    response = handler(request, *args, **kwargs)
  File "C:\Users\ADMIN\Desktop\Orbisave App\orbisave\backend\apps\contributions\views.py", line 167, in post
    contrib.save(update_fields=['status', 'confirmed_at', 'actual_amount'])
    ~~~~~~~~~~~~^^^^^^^^^^^^^^^^^^^^^^^^^^^^^^^^^^^^^^^^^^^^^^^^^^^^^^^^^^^
  File "C:\Users\ADMIN\Desktop\Orbisave App\orbisave\backend\venv\Lib\site-packages\django\db\models\base.py", line 822, in save
    self.save_base(
    ~~~~~~~~~~~~~~^
        using=using,
        ^^^^^^^^^^^^
    ...<2 lines>...
        update_fields=update_fields,
        ^^^^^^^^^^^^^^^^^^^^^^^^^^^^
    )
    ^
  File "C:\Users\ADMIN\Desktop\Orbisave App\orbisave\backend\venv\Lib\site-packages\django\db\models\base.py", line 909, in save_base
    updated = self._save_table(
        raw,
    ...<4 lines>...
        update_fields,
    )
  File "C:\Users\ADMIN\Desktop\Orbisave App\orbisave\backend\venv\Lib\site-packages\django\db\models\base.py", line 1040, in _save_table
    updated = self._do_update(
        base_qs, using, pk_val, values, update_fields, forced_update
    )
  File "C:\Users\ADMIN\Desktop\Orbisave App\orbisave\backend\venv\Lib\site-packages\django\db\models\base.py", line 1105, in _do_update
    return filtered._update(values) > 0
           ~~~~~~~~~~~~~~~~^^^^^^^^
  File "C:\Users\ADMIN\Desktop\Orbisave App\orbisave\backend\venv\Lib\site-packages\django\db\models\query.py", line 1278, in _update
    return query.get_compiler(self.db).execute_sql(CURSOR)
           ~~~~~~~~~~~~~~~~~~~~~~~~~~~~~~~~~~~~~~~^^^^^^^^
  File "C:\Users\ADMIN\Desktop\Orbisave App\orbisave\backend\venv\Lib\site-packages\django\db\models\sql\compiler.py", line 1990, in execute_sql
    cursor = super().execute_sql(result_type)
  File "C:\Users\ADMIN\Desktop\Orbisave App\orbisave\backend\venv\Lib\site-packages\django\db\models\sql\compiler.py", line 1562, in execute_sql
    cursor.execute(sql, params)
    ~~~~~~~~~~~~~~^^^^^^^^^^^^^
  File "C:\Users\ADMIN\Desktop\Orbisave App\orbisave\backend\venv\Lib\site-packages\django\db\backends\utils.py", line 79, in execute
    return self._execute_with_wrappers(
           ~~~~~~~~~~~~~~~~~~~~~~~~~~~^
        sql, params, many=False, executor=self._execute
        ^^^^^^^^^^^^^^^^^^^^^^^^^^^^^^^^^^^^^^^^^^^^^^^
    )
    ^
  File "C:\Users\ADMIN\Desktop\Orbisave App\orbisave\backend\venv\Lib\site-packages\django\db\backends\utils.py", line 92, in _execute_with_wrappers
    return executor(sql, params, many, context)
  File "C:\Users\ADMIN\Desktop\Orbisave App\orbisave\backend\venv\Lib\site-packages\django\db\backends\utils.py", line 100, in _execute
    with self.db.wrap_database_errors:
         ^^^^^^^^^^^^^^^^^^^^^^^^^^^^
  File "C:\Users\ADMIN\Desktop\Orbisave App\orbisave\backend\venv\Lib\site-packages\django\db\utils.py", line 91, in __exit__
    raise dj_exc_value.with_traceback(traceback) from exc_value
  File "C:\Users\ADMIN\Desktop\Orbisave App\orbisave\backend\venv\Lib\site-packages\django\db\backends\utils.py", line 105, in _execute
    return self.cursor.execute(sql, params)
           ~~~~~~~~~~~~~~~~~~~^^^^^^^^^^^^^
  File "C:\Users\ADMIN\Desktop\Orbisave App\orbisave\backend\venv\Lib\site-packages\django\db\backends\sqlite3\base.py", line 329, in execute
    return super().execute(query, params)
           ~~~~~~~~~~~~~~~^^^^^^^^^^^^^^^
django.db.utils.OperationalError: database table is locked: contributions_contribution
ERROR    django.request:log.py:241 Internal Server Error: /api/v1/contributions/webhook/kenya/mpesa/
Traceback (most recent call last):
  File "C:\Users\ADMIN\Desktop\Orbisave App\orbisave\backend\venv\Lib\site-packages\django\core\handlers\exception.py", line 55, in inner
    response = get_response(request)
  File "C:\Users\ADMIN\Desktop\Orbisave App\orbisave\backend\venv\Lib\site-packages\django\core\handlers\base.py", line 197, in _get_response
    response = wrapped_callback(request, *callback_args, **callback_kwargs)
  File "C:\Users\ADMIN\Desktop\Orbisave App\orbisave\backend\venv\Lib\site-packages\django\views\decorators\csrf.py", line 65, in _view_wrapper
    return view_func(request, *args, **kwargs)
  File "C:\Users\ADMIN\Desktop\Orbisave App\orbisave\backend\venv\Lib\site-packages\django\views\generic\base.py", line 104, in view
    return self.dispatch(request, *args, **kwargs)
           ~~~~~~~~~~~~~^^^^^^^^^^^^^^^^^^^^^^^^^^
  File "C:\Users\ADMIN\Desktop\Orbisave App\orbisave\backend\venv\Lib\site-packages\rest_framework\views.py", line 509, in dispatch
    response = self.handle_exception(exc)
  File "C:\Users\ADMIN\Desktop\Orbisave App\orbisave\backend\venv\Lib\site-packages\rest_framework\views.py", line 469, in handle_exception
    self.raise_uncaught_exception(exc)
    ~~~~~~~~~~~~~~~~~~~~~~~~~~~~~^^^^^
  File "C:\Users\ADMIN\Desktop\Orbisave App\orbisave\backend\venv\Lib\site-packages\rest_framework\views.py", line 480, in raise_uncaught_exception
    raise exc
  File "C:\Users\ADMIN\Desktop\Orbisave App\orbisave\backend\venv\Lib\site-packages\rest_framework\views.py", line 506, in dispatch
    response = handler(request, *args, **kwargs)
  File "C:\Users\ADMIN\Desktop\Orbisave App\orbisave\backend\apps\contributions\views.py", line 170, in post
    LedgerEntry.objects.create(
    ~~~~~~~~~~~~~~~~~~~~~~~~~~^
        group=contrib.group,
        ^^^^^^^^^^^^^^^^^^^^
    ...<7 lines>...
        related_contribution=contrib
        ^^^^^^^^^^^^^^^^^^^^^^^^^^^^
    )
    ^
  File "C:\Users\ADMIN\Desktop\Orbisave App\orbisave\backend\venv\Lib\site-packages\django\db\models\manager.py", line 87, in manager_method
    return getattr(self.get_queryset(), name)(*args, **kwargs)
           ~~~~~~~~~~~~~~~~~~~~~~~~~~~~~~~~~~^^^^^^^^^^^^^^^^^
  File "C:\Users\ADMIN\Desktop\Orbisave App\orbisave\backend\venv\Lib\site-packages\django\db\models\query.py", line 679, in create
    obj.save(force_insert=True, using=self.db)
    ~~~~~~~~^^^^^^^^^^^^^^^^^^^^^^^^^^^^^^^^^^
  File "C:\Users\ADMIN\Desktop\Orbisave App\orbisave\backend\apps\ledger\models.py", line 35, in save
    raise PermissionError("Ledger entries are immutable — no updates permitted.")
PermissionError: Ledger entries are immutable — no updates permitted.
ERROR    django.request:log.py:241 Internal Server Error: /api/v1/contributions/webhook/kenya/mpesa/
Traceback (most recent call last):
  File "C:\Users\ADMIN\Desktop\Orbisave App\orbisave\backend\venv\Lib\site-packages\django\db\backends\utils.py", line 105, in _execute
    return self.cursor.execute(sql, params)
           ~~~~~~~~~~~~~~~~~~~^^^^^^^^^^^^^
  File "C:\Users\ADMIN\Desktop\Orbisave App\orbisave\backend\venv\Lib\site-packages\django\db\backends\sqlite3\base.py", line 329, in execute
    return super().execute(query, params)
           ~~~~~~~~~~~~~~~^^^^^^^^^^^^^^^
sqlite3.OperationalError: database table is locked: contributions_contribution

The above exception was the direct cause of the following exception:

Traceback (most recent call last):
  File "C:\Users\ADMIN\Desktop\Orbisave App\orbisave\backend\venv\Lib\site-packages\django\core\handlers\exception.py", line 55, in inner
    response = get_response(request)
  File "C:\Users\ADMIN\Desktop\Orbisave App\orbisave\backend\venv\Lib\site-packages\django\core\handlers\base.py", line 197, in _get_response
    response = wrapped_callback(request, *callback_args, **callback_kwargs)
  File "C:\Users\ADMIN\Desktop\Orbisave App\orbisave\backend\venv\Lib\site-packages\django\views\decorators\csrf.py", line 65, in _view_wrapper
    return view_func(request, *args, **kwargs)
  File "C:\Users\ADMIN\Desktop\Orbisave App\orbisave\backend\venv\Lib\site-packages\django\views\generic\base.py", line 104, in view
    return self.dispatch(request, *args, **kwargs)
           ~~~~~~~~~~~~~^^^^^^^^^^^^^^^^^^^^^^^^^^
  File "C:\Users\ADMIN\Desktop\Orbisave App\orbisave\backend\venv\Lib\site-packages\rest_framework\views.py", line 509, in dispatch
    response = self.handle_exception(exc)
  File "C:\Users\ADMIN\Desktop\Orbisave App\orbisave\backend\venv\Lib\site-packages\rest_framework\views.py", line 469, in handle_exception
    self.raise_uncaught_exception(exc)
    ~~~~~~~~~~~~~~~~~~~~~~~~~~~~~^^^^^
  File "C:\Users\ADMIN\Desktop\Orbisave App\orbisave\backend\venv\Lib\site-packages\rest_framework\views.py", line 480, in raise_uncaught_exception
    raise exc
  File "C:\Users\ADMIN\Desktop\Orbisave App\orbisave\backend\venv\Lib\site-packages\rest_framework\views.py", line 506, in dispatch
    response = handler(request, *args, **kwargs)
  File "C:\Users\ADMIN\Desktop\Orbisave App\orbisave\backend\apps\contributions\views.py", line 167, in post
    contrib.save(update_fields=['status', 'confirmed_at', 'actual_amount'])
    ~~~~~~~~~~~~^^^^^^^^^^^^^^^^^^^^^^^^^^^^^^^^^^^^^^^^^^^^^^^^^^^^^^^^^^^
  File "C:\Users\ADMIN\Desktop\Orbisave App\orbisave\backend\venv\Lib\site-packages\django\db\models\base.py", line 822, in save
    self.save_base(
    ~~~~~~~~~~~~~~^
        using=using,
        ^^^^^^^^^^^^
    ...<2 lines>...
        update_fields=update_fields,
        ^^^^^^^^^^^^^^^^^^^^^^^^^^^^
    )
    ^
  File "C:\Users\ADMIN\Desktop\Orbisave App\orbisave\backend\venv\Lib\site-packages\django\db\models\base.py", line 909, in save_base
    updated = self._save_table(
        raw,
    ...<4 lines>...
        update_fields,
    )
  File "C:\Users\ADMIN\Desktop\Orbisave App\orbisave\backend\venv\Lib\site-packages\django\db\models\base.py", line 1040, in _save_table
    updated = self._do_update(
        base_qs, using, pk_val, values, update_fields, forced_update
    )
  File "C:\Users\ADMIN\Desktop\Orbisave App\orbisave\backend\venv\Lib\site-packages\django\db\models\base.py", line 1105, in _do_update
    return filtered._update(values) > 0
           ~~~~~~~~~~~~~~~~^^^^^^^^
  File "C:\Users\ADMIN\Desktop\Orbisave App\orbisave\backend\venv\Lib\site-packages\django\db\models\query.py", line 1278, in _update
    return query.get_compiler(self.db).execute_sql(CURSOR)
           ~~~~~~~~~~~~~~~~~~~~~~~~~~~~~~~~~~~~~~~^^^^^^^^
  File "C:\Users\ADMIN\Desktop\Orbisave App\orbisave\backend\venv\Lib\site-packages\django\db\models\sql\compiler.py", line 1990, in execute_sql
    cursor = super().execute_sql(result_type)
  File "C:\Users\ADMIN\Desktop\Orbisave App\orbisave\backend\venv\Lib\site-packages\django\db\models\sql\compiler.py", line 1562, in execute_sql
    cursor.execute(sql, params)
    ~~~~~~~~~~~~~~^^^^^^^^^^^^^
  File "C:\Users\ADMIN\Desktop\Orbisave App\orbisave\backend\venv\Lib\site-packages\django\db\backends\utils.py", line 79, in execute
    return self._execute_with_wrappers(
           ~~~~~~~~~~~~~~~~~~~~~~~~~~~^
        sql, params, many=False, executor=self._execute
        ^^^^^^^^^^^^^^^^^^^^^^^^^^^^^^^^^^^^^^^^^^^^^^^
    )
    ^
  File "C:\Users\ADMIN\Desktop\Orbisave App\orbisave\backend\venv\Lib\site-packages\django\db\backends\utils.py", line 92, in _execute_with_wrappers
    return executor(sql, params, many, context)
  File "C:\Users\ADMIN\Desktop\Orbisave App\orbisave\backend\venv\Lib\site-packages\django\db\backends\utils.py", line 100, in _execute
    with self.db.wrap_database_errors:
         ^^^^^^^^^^^^^^^^^^^^^^^^^^^^
  File "C:\Users\ADMIN\Desktop\Orbisave App\orbisave\backend\venv\Lib\site-packages\django\db\utils.py", line 91, in __exit__
    raise dj_exc_value.with_traceback(traceback) from exc_value
  File "C:\Users\ADMIN\Desktop\Orbisave App\orbisave\backend\venv\Lib\site-packages\django\db\backends\utils.py", line 105, in _execute
    return self.cursor.execute(sql, params)
           ~~~~~~~~~~~~~~~~~~~^^^^^^^^^^^^^
  File "C:\Users\ADMIN\Desktop\Orbisave App\orbisave\backend\venv\Lib\site-packages\django\db\backends\sqlite3\base.py", line 329, in execute
    return super().execute(query, params)
           ~~~~~~~~~~~~~~~^^^^^^^^^^^^^^^
django.db.utils.OperationalError: database table is locked: contributions_contribution
ERROR    django.request:log.py:241 Internal Server Error: /api/v1/contributions/webhook/kenya/mpesa/
Traceback (most recent call last):
  File "C:\Users\ADMIN\Desktop\Orbisave App\orbisave\backend\venv\Lib\site-packages\django\db\backends\utils.py", line 105, in _execute
    return self.cursor.execute(sql, params)
           ~~~~~~~~~~~~~~~~~~~^^^^^^^^^^^^^
  File "C:\Users\ADMIN\Desktop\Orbisave App\orbisave\backend\venv\Lib\site-packages\django\db\backends\sqlite3\base.py", line 329, in execute
    return super().execute(query, params)
           ~~~~~~~~~~~~~~~^^^^^^^^^^^^^^^
sqlite3.OperationalError: database table is locked: contributions_contribution

The above exception was the direct cause of the following exception:

Traceback (most recent call last):
  File "C:\Users\ADMIN\Desktop\Orbisave App\orbisave\backend\venv\Lib\site-packages\django\core\handlers\exception.py", line 55, in inner
    response = get_response(request)
  File "C:\Users\ADMIN\Desktop\Orbisave App\orbisave\backend\venv\Lib\site-packages\django\core\handlers\base.py", line 197, in _get_response
    response = wrapped_callback(request, *callback_args, **callback_kwargs)
  File "C:\Users\ADMIN\Desktop\Orbisave App\orbisave\backend\venv\Lib\site-packages\django\views\decorators\csrf.py", line 65, in _view_wrapper
    return view_func(request, *args, **kwargs)
  File "C:\Users\ADMIN\Desktop\Orbisave App\orbisave\backend\venv\Lib\site-packages\django\views\generic\base.py", line 104, in view
    return self.dispatch(request, *args, **kwargs)
           ~~~~~~~~~~~~~^^^^^^^^^^^^^^^^^^^^^^^^^^
  File "C:\Users\ADMIN\Desktop\Orbisave App\orbisave\backend\venv\Lib\site-packages\rest_framework\views.py", line 509, in dispatch
    response = self.handle_exception(exc)
  File "C:\Users\ADMIN\Desktop\Orbisave App\orbisave\backend\venv\Lib\site-packages\rest_framework\views.py", line 469, in handle_exception
    self.raise_uncaught_exception(exc)
    ~~~~~~~~~~~~~~~~~~~~~~~~~~~~~^^^^^
  File "C:\Users\ADMIN\Desktop\Orbisave App\orbisave\backend\venv\Lib\site-packages\rest_framework\views.py", line 480, in raise_uncaught_exception
    raise exc
  File "C:\Users\ADMIN\Desktop\Orbisave App\orbisave\backend\venv\Lib\site-packages\rest_framework\views.py", line 506, in dispatch
    response = handler(request, *args, **kwargs)
  File "C:\Users\ADMIN\Desktop\Orbisave App\orbisave\backend\apps\contributions\views.py", line 167, in post
    contrib.save(update_fields=['status', 'confirmed_at', 'actual_amount'])
    ~~~~~~~~~~~~^^^^^^^^^^^^^^^^^^^^^^^^^^^^^^^^^^^^^^^^^^^^^^^^^^^^^^^^^^^
  File "C:\Users\ADMIN\Desktop\Orbisave App\orbisave\backend\venv\Lib\site-packages\django\db\models\base.py", line 822, in save
    self.save_base(
    ~~~~~~~~~~~~~~^
        using=using,
        ^^^^^^^^^^^^
    ...<2 lines>...
        update_fields=update_fields,
        ^^^^^^^^^^^^^^^^^^^^^^^^^^^^
    )
    ^
  File "C:\Users\ADMIN\Desktop\Orbisave App\orbisave\backend\venv\Lib\site-packages\django\db\models\base.py", line 909, in save_base
    updated = self._save_table(
        raw,
    ...<4 lines>...
        update_fields,
    )
  File "C:\Users\ADMIN\Desktop\Orbisave App\orbisave\backend\venv\Lib\site-packages\django\db\models\base.py", line 1040, in _save_table
    updated = self._do_update(
        base_qs, using, pk_val, values, update_fields, forced_update
    )
  File "C:\Users\ADMIN\Desktop\Orbisave App\orbisave\backend\venv\Lib\site-packages\django\db\models\base.py", line 1105, in _do_update
    return filtered._update(values) > 0
           ~~~~~~~~~~~~~~~~^^^^^^^^
  File "C:\Users\ADMIN\Desktop\Orbisave App\orbisave\backend\venv\Lib\site-packages\django\db\models\query.py", line 1278, in _update
    return query.get_compiler(self.db).execute_sql(CURSOR)
           ~~~~~~~~~~~~~~~~~~~~~~~~~~~~~~~~~~~~~~~^^^^^^^^
  File "C:\Users\ADMIN\Desktop\Orbisave App\orbisave\backend\venv\Lib\site-packages\django\db\models\sql\compiler.py", line 1990, in execute_sql
    cursor = super().execute_sql(result_type)
  File "C:\Users\ADMIN\Desktop\Orbisave App\orbisave\backend\venv\Lib\site-packages\django\db\models\sql\compiler.py", line 1562, in execute_sql
    cursor.execute(sql, params)
    ~~~~~~~~~~~~~~^^^^^^^^^^^^^
  File "C:\Users\ADMIN\Desktop\Orbisave App\orbisave\backend\venv\Lib\site-packages\django\db\backends\utils.py", line 79, in execute
    return self._execute_with_wrappers(
           ~~~~~~~~~~~~~~~~~~~~~~~~~~~^
        sql, params, many=False, executor=self._execute
        ^^^^^^^^^^^^^^^^^^^^^^^^^^^^^^^^^^^^^^^^^^^^^^^
    )
    ^
  File "C:\Users\ADMIN\Desktop\Orbisave App\orbisave\backend\venv\Lib\site-packages\django\db\backends\utils.py", line 92, in _execute_with_wrappers
    return executor(sql, params, many, context)
  File "C:\Users\ADMIN\Desktop\Orbisave App\orbisave\backend\venv\Lib\site-packages\django\db\backends\utils.py", line 100, in _execute
    with self.db.wrap_database_errors:
         ^^^^^^^^^^^^^^^^^^^^^^^^^^^^
  File "C:\Users\ADMIN\Desktop\Orbisave App\orbisave\backend\venv\Lib\site-packages\django\db\utils.py", line 91, in __exit__
    raise dj_exc_value.with_traceback(traceback) from exc_value
  File "C:\Users\ADMIN\Desktop\Orbisave App\orbisave\backend\venv\Lib\site-packages\django\db\backends\utils.py", line 105, in _execute
    return self.cursor.execute(sql, params)
           ~~~~~~~~~~~~~~~~~~~^^^^^^^^^^^^^
  File "C:\Users\ADMIN\Desktop\Orbisave App\orbisave\backend\venv\Lib\site-packages\django\db\backends\sqlite3\base.py", line 329, in execute
    return super().execute(query, params)
           ~~~~~~~~~~~~~~~^^^^^^^^^^^^^^^
django.db.utils.OperationalError: database table is locked: contributions_contribution
ERROR    django.request:log.py:241 Internal Server Error: /api/v1/contributions/webhook/kenya/mpesa/
Traceback (most recent call last):
  File "C:\Users\ADMIN\Desktop\Orbisave App\orbisave\backend\venv\Lib\site-packages\django\db\backends\utils.py", line 105, in _execute
    return self.cursor.execute(sql, params)
           ~~~~~~~~~~~~~~~~~~~^^^^^^^^^^^^^
  File "C:\Users\ADMIN\Desktop\Orbisave App\orbisave\backend\venv\Lib\site-packages\django\db\backends\sqlite3\base.py", line 329, in execute
    return super().execute(query, params)
           ~~~~~~~~~~~~~~~^^^^^^^^^^^^^^^
sqlite3.OperationalError: database table is locked: contributions_contribution

The above exception was the direct cause of the following exception:

Traceback (most recent call last):
  File "C:\Users\ADMIN\Desktop\Orbisave App\orbisave\backend\venv\Lib\site-packages\django\core\handlers\exception.py", line 55, in inner
    response = get_response(request)
  File "C:\Users\ADMIN\Desktop\Orbisave App\orbisave\backend\venv\Lib\site-packages\django\core\handlers\base.py", line 197, in _get_response
    response = wrapped_callback(request, *callback_args, **callback_kwargs)
  File "C:\Users\ADMIN\Desktop\Orbisave App\orbisave\backend\venv\Lib\site-packages\django\views\decorators\csrf.py", line 65, in _view_wrapper
    return view_func(request, *args, **kwargs)
  File "C:\Users\ADMIN\Desktop\Orbisave App\orbisave\backend\venv\Lib\site-packages\django\views\generic\base.py", line 104, in view
    return self.dispatch(request, *args, **kwargs)
           ~~~~~~~~~~~~~^^^^^^^^^^^^^^^^^^^^^^^^^^
  File "C:\Users\ADMIN\Desktop\Orbisave App\orbisave\backend\venv\Lib\site-packages\rest_framework\views.py", line 509, in dispatch
    response = self.handle_exception(exc)
  File "C:\Users\ADMIN\Desktop\Orbisave App\orbisave\backend\venv\Lib\site-packages\rest_framework\views.py", line 469, in handle_exception
    self.raise_uncaught_exception(exc)
    ~~~~~~~~~~~~~~~~~~~~~~~~~~~~~^^^^^
  File "C:\Users\ADMIN\Desktop\Orbisave App\orbisave\backend\venv\Lib\site-packages\rest_framework\views.py", line 480, in raise_uncaught_exception
    raise exc
  File "C:\Users\ADMIN\Desktop\Orbisave App\orbisave\backend\venv\Lib\site-packages\rest_framework\views.py", line 506, in dispatch
    response = handler(request, *args, **kwargs)
  File "C:\Users\ADMIN\Desktop\Orbisave App\orbisave\backend\apps\contributions\views.py", line 167, in post
    contrib.save(update_fields=['status', 'confirmed_at', 'actual_amount'])
    ~~~~~~~~~~~~^^^^^^^^^^^^^^^^^^^^^^^^^^^^^^^^^^^^^^^^^^^^^^^^^^^^^^^^^^^
  File "C:\Users\ADMIN\Desktop\Orbisave App\orbisave\backend\venv\Lib\site-packages\django\db\models\base.py", line 822, in save
    self.save_base(
    ~~~~~~~~~~~~~~^
        using=using,
        ^^^^^^^^^^^^
    ...<2 lines>...
        update_fields=update_fields,
        ^^^^^^^^^^^^^^^^^^^^^^^^^^^^
    )
    ^
  File "C:\Users\ADMIN\Desktop\Orbisave App\orbisave\backend\venv\Lib\site-packages\django\db\models\base.py", line 909, in save_base
    updated = self._save_table(
        raw,
    ...<4 lines>...
        update_fields,
    )
  File "C:\Users\ADMIN\Desktop\Orbisave App\orbisave\backend\venv\Lib\site-packages\django\db\models\base.py", line 1040, in _save_table
    updated = self._do_update(
        base_qs, using, pk_val, values, update_fields, forced_update
    )
  File "C:\Users\ADMIN\Desktop\Orbisave App\orbisave\backend\venv\Lib\site-packages\django\db\models\base.py", line 1105, in _do_update
    return filtered._update(values) > 0
           ~~~~~~~~~~~~~~~~^^^^^^^^
  File "C:\Users\ADMIN\Desktop\Orbisave App\orbisave\backend\venv\Lib\site-packages\django\db\models\query.py", line 1278, in _update
    return query.get_compiler(self.db).execute_sql(CURSOR)
           ~~~~~~~~~~~~~~~~~~~~~~~~~~~~~~~~~~~~~~~^^^^^^^^
  File "C:\Users\ADMIN\Desktop\Orbisave App\orbisave\backend\venv\Lib\site-packages\django\db\models\sql\compiler.py", line 1990, in execute_sql
    cursor = super().execute_sql(result_type)
  File "C:\Users\ADMIN\Desktop\Orbisave App\orbisave\backend\venv\Lib\site-packages\django\db\models\sql\compiler.py", line 1562, in execute_sql
    cursor.execute(sql, params)
    ~~~~~~~~~~~~~~^^^^^^^^^^^^^
  File "C:\Users\ADMIN\Desktop\Orbisave App\orbisave\backend\venv\Lib\site-packages\django\db\backends\utils.py", line 79, in execute
    return self._execute_with_wrappers(
           ~~~~~~~~~~~~~~~~~~~~~~~~~~~^
        sql, params, many=False, executor=self._execute
        ^^^^^^^^^^^^^^^^^^^^^^^^^^^^^^^^^^^^^^^^^^^^^^^
    )
    ^
  File "C:\Users\ADMIN\Desktop\Orbisave App\orbisave\backend\venv\Lib\site-packages\django\db\backends\utils.py", line 92, in _execute_with_wrappers
    return executor(sql, params, many, context)
  File "C:\Users\ADMIN\Desktop\Orbisave App\orbisave\backend\venv\Lib\site-packages\django\db\backends\utils.py", line 100, in _execute
    with self.db.wrap_database_errors:
         ^^^^^^^^^^^^^^^^^^^^^^^^^^^^
  File "C:\Users\ADMIN\Desktop\Orbisave App\orbisave\backend\venv\Lib\site-packages\django\db\utils.py", line 91, in __exit__
    raise dj_exc_value.with_traceback(traceback) from exc_value
  File "C:\Users\ADMIN\Desktop\Orbisave App\orbisave\backend\venv\Lib\site-packages\django\db\backends\utils.py", line 105, in _execute
    return self.cursor.execute(sql, params)
           ~~~~~~~~~~~~~~~~~~~^^^^^^^^^^^^^
  File "C:\Users\ADMIN\Desktop\Orbisave App\orbisave\backend\venv\Lib\site-packages\django\db\backends\sqlite3\base.py", line 329, in execute
    return super().execute(query, params)
           ~~~~~~~~~~~~~~~^^^^^^^^^^^^^^^
django.db.utils.OperationalError: database table is locked: contributions_contribution
ERROR    django.request:log.py:241 Internal Server Error: /api/v1/contributions/webhook/kenya/mpesa/
Traceback (most recent call last):
  File "C:\Users\ADMIN\Desktop\Orbisave App\orbisave\backend\venv\Lib\site-packages\django\db\backends\utils.py", line 105, in _execute
    return self.cursor.execute(sql, params)
           ~~~~~~~~~~~~~~~~~~~^^^^^^^^^^^^^
  File "C:\Users\ADMIN\Desktop\Orbisave App\orbisave\backend\venv\Lib\site-packages\django\db\backends\sqlite3\base.py", line 329, in execute
    return super().execute(query, params)
           ~~~~~~~~~~~~~~~^^^^^^^^^^^^^^^
sqlite3.OperationalError: database table is locked: contributions_contribution

The above exception was the direct cause of the following exception:

Traceback (most recent call last):
  File "C:\Users\ADMIN\Desktop\Orbisave App\orbisave\backend\venv\Lib\site-packages\django\core\handlers\exception.py", line 55, in inner
    response = get_response(request)
  File "C:\Users\ADMIN\Desktop\Orbisave App\orbisave\backend\venv\Lib\site-packages\django\core\handlers\base.py", line 197, in _get_response
    response = wrapped_callback(request, *callback_args, **callback_kwargs)
  File "C:\Users\ADMIN\Desktop\Orbisave App\orbisave\backend\venv\Lib\site-packages\django\views\decorators\csrf.py", line 65, in _view_wrapper
    return view_func(request, *args, **kwargs)
  File "C:\Users\ADMIN\Desktop\Orbisave App\orbisave\backend\venv\Lib\site-packages\django\views\generic\base.py", line 104, in view
    return self.dispatch(request, *args, **kwargs)
           ~~~~~~~~~~~~~^^^^^^^^^^^^^^^^^^^^^^^^^^
  File "C:\Users\ADMIN\Desktop\Orbisave App\orbisave\backend\venv\Lib\site-packages\rest_framework\views.py", line 509, in dispatch
    response = self.handle_exception(exc)
  File "C:\Users\ADMIN\Desktop\Orbisave App\orbisave\backend\venv\Lib\site-packages\rest_framework\views.py", line 469, in handle_exception
    self.raise_uncaught_exception(exc)
    ~~~~~~~~~~~~~~~~~~~~~~~~~~~~~^^^^^
  File "C:\Users\ADMIN\Desktop\Orbisave App\orbisave\backend\venv\Lib\site-packages\rest_framework\views.py", line 480, in raise_uncaught_exception
    raise exc
  File "C:\Users\ADMIN\Desktop\Orbisave App\orbisave\backend\venv\Lib\site-packages\rest_framework\views.py", line 506, in dispatch
    response = handler(request, *args, **kwargs)
  File "C:\Users\ADMIN\Desktop\Orbisave App\orbisave\backend\apps\contributions\views.py", line 167, in post
    contrib.save(update_fields=['status', 'confirmed_at', 'actual_amount'])
    ~~~~~~~~~~~~^^^^^^^^^^^^^^^^^^^^^^^^^^^^^^^^^^^^^^^^^^^^^^^^^^^^^^^^^^^
  File "C:\Users\ADMIN\Desktop\Orbisave App\orbisave\backend\venv\Lib\site-packages\django\db\models\base.py", line 822, in save
    self.save_base(
    ~~~~~~~~~~~~~~^
        using=using,
        ^^^^^^^^^^^^
    ...<2 lines>...
        update_fields=update_fields,
        ^^^^^^^^^^^^^^^^^^^^^^^^^^^^
    )
    ^
  File "C:\Users\ADMIN\Desktop\Orbisave App\orbisave\backend\venv\Lib\site-packages\django\db\models\base.py", line 909, in save_base
    updated = self._save_table(
        raw,
    ...<4 lines>...
        update_fields,
    )
  File "C:\Users\ADMIN\Desktop\Orbisave App\orbisave\backend\venv\Lib\site-packages\django\db\models\base.py", line 1040, in _save_table
    updated = self._do_update(
        base_qs, using, pk_val, values, update_fields, forced_update
    )
  File "C:\Users\ADMIN\Desktop\Orbisave App\orbisave\backend\venv\Lib\site-packages\django\db\models\base.py", line 1105, in _do_update
    return filtered._update(values) > 0
           ~~~~~~~~~~~~~~~~^^^^^^^^
  File "C:\Users\ADMIN\Desktop\Orbisave App\orbisave\backend\venv\Lib\site-packages\django\db\models\query.py", line 1278, in _update
    return query.get_compiler(self.db).execute_sql(CURSOR)
           ~~~~~~~~~~~~~~~~~~~~~~~~~~~~~~~~~~~~~~~^^^^^^^^
  File "C:\Users\ADMIN\Desktop\Orbisave App\orbisave\backend\venv\Lib\site-packages\django\db\models\sql\compiler.py", line 1990, in execute_sql
    cursor = super().execute_sql(result_type)
  File "C:\Users\ADMIN\Desktop\Orbisave App\orbisave\backend\venv\Lib\site-packages\django\db\models\sql\compiler.py", line 1562, in execute_sql
    cursor.execute(sql, params)
    ~~~~~~~~~~~~~~^^^^^^^^^^^^^
  File "C:\Users\ADMIN\Desktop\Orbisave App\orbisave\backend\venv\Lib\site-packages\django\db\backends\utils.py", line 79, in execute
    return self._execute_with_wrappers(
           ~~~~~~~~~~~~~~~~~~~~~~~~~~~^
        sql, params, many=False, executor=self._execute
        ^^^^^^^^^^^^^^^^^^^^^^^^^^^^^^^^^^^^^^^^^^^^^^^
    )
    ^
  File "C:\Users\ADMIN\Desktop\Orbisave App\orbisave\backend\venv\Lib\site-packages\django\db\backends\utils.py", line 92, in _execute_with_wrappers
    return executor(sql, params, many, context)
  File "C:\Users\ADMIN\Desktop\Orbisave App\orbisave\backend\venv\Lib\site-packages\django\db\backends\utils.py", line 100, in _execute
    with self.db.wrap_database_errors:
         ^^^^^^^^^^^^^^^^^^^^^^^^^^^^
  File "C:\Users\ADMIN\Desktop\Orbisave App\orbisave\backend\venv\Lib\site-packages\django\db\utils.py", line 91, in __exit__
    raise dj_exc_value.with_traceback(traceback) from exc_value
  File "C:\Users\ADMIN\Desktop\Orbisave App\orbisave\backend\venv\Lib\site-packages\django\db\backends\utils.py", line 105, in _execute
    return self.cursor.execute(sql, params)
           ~~~~~~~~~~~~~~~~~~~^^^^^^^^^^^^^
  File "C:\Users\ADMIN\Desktop\Orbisave App\orbisave\backend\venv\Lib\site-packages\django\db\backends\sqlite3\base.py", line 329, in execute
    return super().execute(query, params)
           ~~~~~~~~~~~~~~~^^^^^^^^^^^^^^^
django.db.utils.OperationalError: database table is locked: contributions_contribution
ERROR    django.request:log.py:241 Internal Server Error: /api/v1/contributions/webhook/kenya/mpesa/
Traceback (most recent call last):
  File "C:\Users\ADMIN\Desktop\Orbisave App\orbisave\backend\venv\Lib\site-packages\django\db\backends\utils.py", line 105, in _execute
    return self.cursor.execute(sql, params)
           ~~~~~~~~~~~~~~~~~~~^^^^^^^^^^^^^
  File "C:\Users\ADMIN\Desktop\Orbisave App\orbisave\backend\venv\Lib\site-packages\django\db\backends\sqlite3\base.py", line 329, in execute
    return super().execute(query, params)
           ~~~~~~~~~~~~~~~^^^^^^^^^^^^^^^
sqlite3.OperationalError: database table is locked: contributions_contribution

The above exception was the direct cause of the following exception:

Traceback (most recent call last):
  File "C:\Users\ADMIN\Desktop\Orbisave App\orbisave\backend\venv\Lib\site-packages\django\core\handlers\exception.py", line 55, in inner
    response = get_response(request)
  File "C:\Users\ADMIN\Desktop\Orbisave App\orbisave\backend\venv\Lib\site-packages\django\core\handlers\base.py", line 197, in _get_response
    response = wrapped_callback(request, *callback_args, **callback_kwargs)
  File "C:\Users\ADMIN\Desktop\Orbisave App\orbisave\backend\venv\Lib\site-packages\django\views\decorators\csrf.py", line 65, in _view_wrapper
    return view_func(request, *args, **kwargs)
  File "C:\Users\ADMIN\Desktop\Orbisave App\orbisave\backend\venv\Lib\site-packages\django\views\generic\base.py", line 104, in view
    return self.dispatch(request, *args, **kwargs)
           ~~~~~~~~~~~~~^^^^^^^^^^^^^^^^^^^^^^^^^^
  File "C:\Users\ADMIN\Desktop\Orbisave App\orbisave\backend\venv\Lib\site-packages\rest_framework\views.py", line 509, in dispatch
    response = self.handle_exception(exc)
  File "C:\Users\ADMIN\Desktop\Orbisave App\orbisave\backend\venv\Lib\site-packages\rest_framework\views.py", line 469, in handle_exception
    self.raise_uncaught_exception(exc)
    ~~~~~~~~~~~~~~~~~~~~~~~~~~~~~^^^^^
  File "C:\Users\ADMIN\Desktop\Orbisave App\orbisave\backend\venv\Lib\site-packages\rest_framework\views.py", line 480, in raise_uncaught_exception
    raise exc
  File "C:\Users\ADMIN\Desktop\Orbisave App\orbisave\backend\venv\Lib\site-packages\rest_framework\views.py", line 506, in dispatch
    response = handler(request, *args, **kwargs)
  File "C:\Users\ADMIN\Desktop\Orbisave App\orbisave\backend\apps\contributions\views.py", line 167, in post
    contrib.save(update_fields=['status', 'confirmed_at', 'actual_amount'])
    ~~~~~~~~~~~~^^^^^^^^^^^^^^^^^^^^^^^^^^^^^^^^^^^^^^^^^^^^^^^^^^^^^^^^^^^
  File "C:\Users\ADMIN\Desktop\Orbisave App\orbisave\backend\venv\Lib\site-packages\django\db\models\base.py", line 822, in save
    self.save_base(
    ~~~~~~~~~~~~~~^
        using=using,
        ^^^^^^^^^^^^
    ...<2 lines>...
        update_fields=update_fields,
        ^^^^^^^^^^^^^^^^^^^^^^^^^^^^
    )
    ^
  File "C:\Users\ADMIN\Desktop\Orbisave App\orbisave\backend\venv\Lib\site-packages\django\db\models\base.py", line 909, in save_base
    updated = self._save_table(
        raw,
    ...<4 lines>...
        update_fields,
    )
  File "C:\Users\ADMIN\Desktop\Orbisave App\orbisave\backend\venv\Lib\site-packages\django\db\models\base.py", line 1040, in _save_table
    updated = self._do_update(
        base_qs, using, pk_val, values, update_fields, forced_update
    )
  File "C:\Users\ADMIN\Desktop\Orbisave App\orbisave\backend\venv\Lib\site-packages\django\db\models\base.py", line 1105, in _do_update
    return filtered._update(values) > 0
           ~~~~~~~~~~~~~~~~^^^^^^^^
  File "C:\Users\ADMIN\Desktop\Orbisave App\orbisave\backend\venv\Lib\site-packages\django\db\models\query.py", line 1278, in _update
    return query.get_compiler(self.db).execute_sql(CURSOR)
           ~~~~~~~~~~~~~~~~~~~~~~~~~~~~~~~~~~~~~~~^^^^^^^^
  File "C:\Users\ADMIN\Desktop\Orbisave App\orbisave\backend\venv\Lib\site-packages\django\db\models\sql\compiler.py", line 1990, in execute_sql
    cursor = super().execute_sql(result_type)
  File "C:\Users\ADMIN\Desktop\Orbisave App\orbisave\backend\venv\Lib\site-packages\django\db\models\sql\compiler.py", line 1562, in execute_sql
    cursor.execute(sql, params)
    ~~~~~~~~~~~~~~^^^^^^^^^^^^^
  File "C:\Users\ADMIN\Desktop\Orbisave App\orbisave\backend\venv\Lib\site-packages\django\db\backends\utils.py", line 79, in execute
    return self._execute_with_wrappers(
           ~~~~~~~~~~~~~~~~~~~~~~~~~~~^
        sql, params, many=False, executor=self._execute
        ^^^^^^^^^^^^^^^^^^^^^^^^^^^^^^^^^^^^^^^^^^^^^^^
    )
    ^
  File "C:\Users\ADMIN\Desktop\Orbisave App\orbisave\backend\venv\Lib\site-packages\django\db\backends\utils.py", line 92, in _execute_with_wrappers
    return executor(sql, params, many, context)
  File "C:\Users\ADMIN\Desktop\Orbisave App\orbisave\backend\venv\Lib\site-packages\django\db\backends\utils.py", line 100, in _execute
    with self.db.wrap_database_errors:
         ^^^^^^^^^^^^^^^^^^^^^^^^^^^^
  File "C:\Users\ADMIN\Desktop\Orbisave App\orbisave\backend\venv\Lib\site-packages\django\db\utils.py", line 91, in __exit__
    raise dj_exc_value.with_traceback(traceback) from exc_value
  File "C:\Users\ADMIN\Desktop\Orbisave App\orbisave\backend\venv\Lib\site-packages\django\db\backends\utils.py", line 105, in _execute
    return self.cursor.execute(sql, params)
           ~~~~~~~~~~~~~~~~~~~^^^^^^^^^^^^^
  File "C:\Users\ADMIN\Desktop\Orbisave App\orbisave\backend\venv\Lib\site-packages\django\db\backends\sqlite3\base.py", line 329, in execute
    return super().execute(query, params)
           ~~~~~~~~~~~~~~~^^^^^^^^^^^^^^^
django.db.utils.OperationalError: database table is locked: contributions_contribution
-------------------------- Captured stderr teardown ---------------------------
C:\Users\ADMIN\Desktop\Orbisave App\orbisave\backend\venv\Lib\site-packages\_pytest\threadexception.py:58: PytestUnhandledThreadExceptionWarning: Exception in thread Thread-6 (fire_webhook)

Traceback (most recent call last):
  File "C:\Python313\Lib\threading.py", line 1043, in _bootstrap_inner
    self.run()
    ~~~~~~~~^^
  File "C:\Python313\Lib\threading.py", line 994, in run
    self._target(*self._args, **self._kwargs)
    ~~~~~~~~~~~~^^^^^^^^^^^^^^^^^^^^^^^^^^^^^
  File "C:\Users\ADMIN\Desktop\Orbisave App\orbisave\backend\apps\contributions\tests\test_concurrency_locks.py", line 57, in fire_webhook
    res = client.post(f'/api/v1/contributions/webhook/kenya/mpesa/', {
        "status": "success",
    ...<2 lines>...
        "reason": "Payment completed"
    }, format='json')
  File "C:\Users\ADMIN\Desktop\Orbisave App\orbisave\backend\venv\Lib\site-packages\rest_framework\test.py", line 295, in post
    response = super().post(
        path, data=data, format=format, content_type=content_type, **extra)
  File "C:\Users\ADMIN\Desktop\Orbisave App\orbisave\backend\venv\Lib\site-packages\rest_framework\test.py", line 209, in post
    return self.generic('POST', path, data, content_type, **extra)
           ~~~~~~~~~~~~^^^^^^^^^^^^^^^^^^^^^^^^^^^^^^^^^^^^^^^^^^^
  File "C:\Users\ADMIN\Desktop\Orbisave App\orbisave\backend\venv\Lib\site-packages\rest_framework\test.py", line 233, in generic
    return super().generic(
           ~~~~~~~~~~~~~~~^
        method, path, data, content_type, secure, **extra)
        ^^^^^^^^^^^^^^^^^^^^^^^^^^^^^^^^^^^^^^^^^^^^^^^^^^
  File "C:\Users\ADMIN\Desktop\Orbisave App\orbisave\backend\venv\Lib\site-packages\django\test\client.py", line 617, in generic
    return self.request(**r)
           ~~~~~~~~~~~~^^^^^
  File "C:\Users\ADMIN\Desktop\Orbisave App\orbisave\backend\venv\Lib\site-packages\rest_framework\test.py", line 285, in request
    return super().request(**kwargs)
           ~~~~~~~~~~~~~~~^^^^^^^^^^
  File "C:\Users\ADMIN\Desktop\Orbisave App\orbisave\backend\venv\Lib\site-packages\rest_framework\test.py", line 237, in request
    request = super().request(**kwargs)
  File "C:\Users\ADMIN\Desktop\Orbisave App\orbisave\backend\venv\Lib\site-packages\django\test\client.py", line 1013, in request
    self.check_exception(response)
    ~~~~~~~~~~~~~~~~~~~~^^^^^^^^^^
  File "C:\Users\ADMIN\Desktop\Orbisave App\orbisave\backend\venv\Lib\site-packages\django\test\client.py", line 743, in check_exception
    raise exc_value
  File "C:\Users\ADMIN\Desktop\Orbisave App\orbisave\backend\venv\Lib\site-packages\django\core\handlers\exception.py", line 55, in inner
    response = get_response(request)
  File "C:\Users\ADMIN\Desktop\Orbisave App\orbisave\backend\venv\Lib\site-packages\django\core\handlers\base.py", line 197, in _get_response
    response = wrapped_callback(request, *callback_args, **callback_kwargs)
  File "C:\Users\ADMIN\Desktop\Orbisave App\orbisave\backend\venv\Lib\site-packages\django\views\decorators\csrf.py", line 65, in _view_wrapper
    return view_func(request, *args, **kwargs)
  File "C:\Users\ADMIN\Desktop\Orbisave App\orbisave\backend\venv\Lib\site-packages\django\views\generic\base.py", line 104, in view
    return self.dispatch(request, *args, **kwargs)
           ~~~~~~~~~~~~~^^^^^^^^^^^^^^^^^^^^^^^^^^
  File "C:\Users\ADMIN\Desktop\Orbisave App\orbisave\backend\venv\Lib\site-packages\rest_framework\views.py", line 509, in dispatch
    response = self.handle_exception(exc)
  File "C:\Users\ADMIN\Desktop\Orbisave App\orbisave\backend\venv\Lib\site-packages\rest_framework\views.py", line 469, in handle_exception
    self.raise_uncaught_exception(exc)
    ~~~~~~~~~~~~~~~~~~~~~~~~~~~~~^^^^^
  File "C:\Users\ADMIN\Desktop\Orbisave App\orbisave\backend\venv\Lib\site-packages\rest_framework\views.py", line 480, in raise_uncaught_exception
    raise exc
  File "C:\Users\ADMIN\Desktop\Orbisave App\orbisave\backend\venv\Lib\site-packages\rest_framework\views.py", line 506, in dispatch
    response = handler(request, *args, **kwargs)
  File "C:\Users\ADMIN\Desktop\Orbisave App\orbisave\backend\apps\contributions\views.py", line 170, in post
    LedgerEntry.objects.create(
    ~~~~~~~~~~~~~~~~~~~~~~~~~~^
        group=contrib.group,
        ^^^^^^^^^^^^^^^^^^^^
    ...<7 lines>...
        related_contribution=contrib
        ^^^^^^^^^^^^^^^^^^^^^^^^^^^^
    )
    ^
  File "C:\Users\ADMIN\Desktop\Orbisave App\orbisave\backend\venv\Lib\site-packages\django\db\models\manager.py", line 87, in manager_method
    return getattr(self.get_queryset(), name)(*args, **kwargs)
           ~~~~~~~~~~~~~~~~~~~~~~~~~~~~~~~~~~^^^^^^^^^^^^^^^^^
  File "C:\Users\ADMIN\Desktop\Orbisave App\orbisave\backend\venv\Lib\site-packages\django\db\models\query.py", line 679, in create
    obj.save(force_insert=True, using=self.db)
    ~~~~~~~~^^^^^^^^^^^^^^^^^^^^^^^^^^^^^^^^^^
  File "C:\Users\ADMIN\Desktop\Orbisave App\orbisave\backend\apps\ledger\models.py", line 35, in save
    raise PermissionError("Ledger entries are immutable — no updates permitted.")
PermissionError: Ledger entries are immutable — no updates permitted.

Enable tracemalloc to get traceback where the object was allocated.
See https://docs.pytest.org/en/stable/how-to/capture-warnings.html#resource-warnings for more info.
  warnings.warn(pytest.PytestUnhandledThreadExceptionWarning(msg))
=========================== short test summary info ===========================
FAILED apps/contributions/tests/test_concurrency_locks.py::test_select_for_update_prevents_duplicate_webhooks
========================= 1 failed, 1 passed in 7.08s =========================
